{"InvoiceID":12345678,"PayerAccountId":123456789012,"LinkedAccountId":123456789012,"RecordType":"LineItem","ProductName":"Amazon Simple Queue Service","RateId":4815162,"SubscriptionId":48151623,"PricingPlanId":481516,"UsageType":"USW2-Requests-Tier1","Operation":"DeleteMessage","AvailabilityZone":null,"ReservedInstance":"N","ItemDescription":"First 1,000,000 Amazon SQS Requests per month are free","UsageStartDate":"2015-07-01 00:00:00","UsageEndDate":"2015-07-01 01:00:00","UsageQuantity":95.0,"Rate":0.0,"Cost":0.0}
{"InvoiceID":12345678,"PayerAccountId":123456789012,"LinkedAccountId":123456789012,"RecordType":"LineItem","ProductName":"Amazon CloudFront","RateId":4815163,"SubscriptionId":48151624,"PricingPlanId":481517,"UsageType":"AP-DataTransfer-Out-Bytes","Operation":"GET","AvailabilityZone":null,"ReservedInstance":"N","ItemDescription":"$0.140 per GB - first 10 TB / month data transfer out","UsageStartDate":"2015-07-01 00:00:00","UsageEndDate":"2015-07-01 01:00:00","UsageQuantity":0.0103827,"Rate":0.14,"Cost":0.00145358}
{"InvoiceID":12345678,"PayerAccountId":123456789012,"LinkedAccountId":123456789012,"RecordType":"LineItem","ProductName":"Amazon Elastic Compute Cloud","RateId":4815164,"SubscriptionId":48151625,"PricingPlanId":481518,"UsageType":"EUC1-BoxUsage:t2.micro","Operation":"RunInstances","AvailabilityZone":"eu-central-1a","ReservedInstance":"N","ItemDescription":"$0.015 per On Demand Linux t2.micro Instance Hour","UsageStartDate":"2015-07-01 00:00:00","UsageEndDate":"2015-07-01 01:00:00","UsageQuantity":2.0,"Rate":0.015,"Cost":0.03}
{"InvoiceID":12345678,"PayerAccountId":123456789012,"LinkedAccountId":123456789012,"RecordType":"LineItem","ProductName":"Amazon Elastic Compute Cloud","RateId":4815165,"SubscriptionId":48151626,"PricingPlanId":481519,"UsageType":"USW2-APN1-AWS-In-Bytes","Operation":"PublicIP-In","AvailabilityZone":null,"ReservedInstance":"N","ItemDescription":"$0.00 per GB - US West (Oregon) data transfer from Asia Pacific (Tokyo)","UsageStartDate":"2015-07-01 00:00:00","UsageEndDate":"2015-07-01 01:00:00","UsageQuantity":0.00026031,"Rate":0.0,"Cost":0.0}
